1..93
ok 1 TestEmployeeChangeTrigger.testCreateAndUpdateEmployee
ok 2 FundControllerTest.testGetAssetClasses
ok 3 FundControllerTest.testGetFunds
ok 4 FundControllerTest.testGetSectors
ok 5 Test_Einstein.apiUsage
ok 6 Test_Einstein.createDataset
ok 7 Test_Einstein.createExample
ok 8 Test_Einstein.createExamplesFromUrl
ok 9 Test_Einstein.createFeedback
ok 10 Test_Einstein.deleteDataset
ok 11 Test_Einstein.exampleTestMethod
ok 12 Test_Einstein.getAccessToken_failsWithoutEmailSetting
ok 13 Test_Einstein.getAccessToken_works
ok 14 Test_Einstein.getDataset
ok 15 Test_Einstein.getDatasets
ok 16 Test_Einstein.getExamples
ok 17 Test_Einstein.getModel
ok 18 Test_Einstein.getModelLearningCurve
ok 19 Test_Einstein.getModelMetrics
ok 20 Test_Einstein.getModels
ok 21 Test_Einstein.playgroundValidation
ok 22 Test_Einstein.predictImages
ok 23 TestLightningConnectQuickstart.tester
ok 24 AccountManagerTest.testGetAccount
ok 25 ParkLocatorTest.testGermany
ok 26 SiteLoginControllerTest.testSiteLoginController
ok 27 SiteRegisterControllerTest.testRegistration
ok 28 TestVerifyDate.dateBefore
ok 29 TestVerifyDate.outsideThirtyDays
ok 30 TestVerifyDate.withinThirtyDays
ok 31 Test_updateReleaseLOE.testDeleteRequest
ok 32 ChangePasswordControllerTest.testChangePasswordController
ok 33 LightningForgotPasswordControllerTest.LightningForgotPasswordControllerInstantiation
ok 34 LightningForgotPasswordControllerTest.testLightningForgotPasswordControllerInvalidUserName
ok 35 LightningForgotPasswordControllerTest.testLightningForgotPasswordControllerWithNullCheckEmailRef
ok 36 LightningLoginFormControllerTest.LightningLoginFormControllerInstantiation
ok 37 LightningLoginFormControllerTest.testAuthConfig
ok 38 LightningLoginFormControllerTest.testGetSelfRegistrationURL
ok 39 LightningLoginFormControllerTest.testIsSelfRegistrationEnabled
ok 40 LightningLoginFormControllerTest.testIsUsernamePasswordEnabled
ok 41 LightningLoginFormControllerTest.testLoginWithInvalidCredentials
ok 42 VerifyDateTest.test_method_one
ok 43 VerifyDateTest.test_method_two
ok 44 LightningSelfRegisterControllerTest.LightningSelfRegisterControllerInstantiation
ok 45 LightningSelfRegisterControllerTest.testGetExtraFieldsInSelfRegistration
ok 46 LightningSelfRegisterControllerTest.testGetNonEmptyExtraFields
ok 47 LightningSelfRegisterControllerTest.testGetNullExtraFields
ok 48 LightningSelfRegisterControllerTest.testIsValidPassword
ok 49 Test_effortDetails.testEffortDetails
ok 50 AccountProcessorTest.testContactCount
ok 51 AwesomeCalculatorTest.testCallout
ok 52 CommunitiesSelfRegControllerTest.testCommunitiesSelfRegController
ok 53 AddPrimaryContactTest.testPrimaryContact
ok 54 CommunitiesSelfRegConfirmControllerTest.testCommunitiesSelfRegConfirmController
ok 55 TestRestrictContactByName.insertInvalidContact
ok 56 TestRestrictContactByName.updateInvalidContact
ok 57 AnimalsCalloutsTest.testGetCallout
ok 58 AnimalsCalloutsTest.testPostCallout
ok 59 TestOrderController.testGetOrderItems
ok 60 ForgotPasswordControllerTest.testForgotPasswordController
ok 61 CommunitiesLoginControllerTest.testCommunitiesLoginController
ok 62 CaseManagerTest.testCreateCase
ok 63 CaseManagerTest.testDeleteCase
ok 64 CaseManagerTest.testGetCaseById
ok 65 CaseManagerTest.testUpdateCaseFields
ok 66 CaseManagerTest.testUpsertCase
ok 67 AnimalLocatorTest.testGetCallout
ok 68 CommunitiesLandingControllerTest.testCommunitiesLandingController
ok 69 TestProductController.testGetSimilarProducts
ok 70 TestProductController.testGetProducts
ok 71 Test_Einstein.predictLanguage
ok 72 Test_Einstein.retrainDataset
ok 73 Test_Einstein.testContentDistributionTrigger
ok 74 Test_Einstein.testJWT
ok 75 Test_Einstein.testOtherMethods
ok 76 Test_updateReleaseLOE.testInsertRequest
ok 77 LightningSelfRegisterControllerTest.testSelfRegisterWithCreatedAccount
ok 78 LightningSelfRegisterControllerTest.testSelfRegisterWithProperCredentials
ok 79 LightningSelfRegisterControllerTest.testSelfRegistration
ok 80 LightningSelfRegisterControllerTest.testSiteAsContainerEnabled
ok 81 Test_Einstein.testPBLanguage
ok 82 Test_Einstein.testPBLanguageFeedback
ok 83 Test_Einstein.testPGObjectFields
ok 84 Test_Einstein.testPGObjectOptions
ok 85 DailyLeadProcessorTest.testDailyLeadProcessor
ok 86 MyProfilePageControllerTest.testSave
ok 87 Test_Einstein.testPGOtherMethods
ok 88 Test_Einstein.testPGgetModelMetrics
ok 89 Test_Einstein.trainDataset
ok 90 Test_updateReleaseLOE.testUpdateRequest
not ok 91 TestOpportunityChangeTrigger.testCreateAndUpdateEmployee
# System.AssertException: Assertion Failed: The change event trigger did not create the expected task.: Expected: 1, Actual: 2
# Class.TestOpportunityChangeTrigger.testCreateAndUpdateEmployee: line 32, column 1
ok 92 LeadProcessorTest.testLeadProcessorBatch
ok 93 Test_PMO_Task_Assignment.testPMOTaskAssignment
# Run "sfdx force:apex:test:report -i 7071p00009szM9o --resultformat <format>" to retrieve test results in a different format.
